harry@lamp-server:~$ man iptables
harry@lamp-server:~$ apt-get update
Reading package lists... Done
E: Could not open lock file /var/lib/apt/lists/lock - open (13: Permission denied)
E: Unable to lock directory /var/lib/apt/lists/
W: Problem unlinking the file /var/cache/apt/pkgcache.bin - RemoveCaches (13: Permission denied)
W: Problem unlinking the file /var/cache/apt/srcpkgcache.bin - RemoveCaches (13: Permission denied)
harry@lamp-server:~$ sudo apt-get update
Hit:1 http://azure.archive.ubuntu.com/ubuntu noble InRelease
Hit:2 http://azure.archive.ubuntu.com/ubuntu noble-updates InRelease
Hit:3 http://azure.archive.ubuntu.com/ubuntu noble-backports InRelease
Hit:4 http://azure.archive.ubuntu.com/ubuntu noble-security InRelease
Reading package lists... Done
harry@lamp-server:~$ apt-get install iptables
E: Could not open lock file /var/lib/dpkg/lock-frontend - open (13: Permission denied)
E: Unable to acquire the dpkg frontend lock (/var/lib/dpkg/lock-frontend), are you root?
harry@lamp-server:~$ sudo apt-get install iptables
Reading package lists... Done
Building dependency tree... Done
Reading state information... Done
iptables is already the newest version (1.8.10-3ubuntu2).
iptables set to manually installed.
0 upgraded, 0 newly installed, 0 to remove and 3 not upgraded.
harry@lamp-server:~$ iptables -L -v
iptables v1.8.10 (nf_tables): Could not fetch rule set generation id: Permission denied (you must be root)
harry@lamp-server:~$ sudo iptables -L -v
Chain INPUT (policy ACCEPT 9688 packets, 37M bytes)
 pkts bytes target     prot opt in     out     source               destination
    1   398 ACCEPT     udp  --  any    any     anywhere             anywhere             udp dpt:bootpc

Chain FORWARD (policy ACCEPT 0 packets, 0 bytes)
 pkts bytes target     prot opt in     out     source               destination

Chain OUTPUT (policy ACCEPT 0 packets, 0 bytes)
 pkts bytes target     prot opt in     out     source               destination
harry@lamp-server:~$